******************************************************************************
                  MSP430 Linker PC v16.9.0                     
******************************************************************************
>> Linked Thu Apr 20 18:54:07 2017

OUTPUT FILE NAME:   <DoogDoorV2.out>
ENTRY POINT SYMBOL: "_c_int00_noargs_noexit"  address: 0000cc66


MEMORY CONFIGURATION

         name            origin    length      used     unused   attr    fill
----------------------  --------  ---------  --------  --------  ----  --------
  SFR                   00000000   00000010  00000000  00000010  RWIX
  PERIPHERALS_8BIT      00000010   000000f0  00000000  000000f0  RWIX
  PERIPHERALS_16BIT     00000100   00000100  00000000  00000100  RWIX
  RAM                   00000200   00000200  0000005f  000001a1  RWIX
  INFOD                 00001000   00000040  00000000  00000040  RWIX
  INFOC                 00001040   00000040  00000000  00000040  RWIX
  INFOB                 00001080   00000040  00000000  00000040  RWIX
  INFOA                 000010c0   00000040  00000000  00000040  RWIX
  FLASH                 0000c000   00003fde  00000d6a  00003274  RWIX
  BSLSIGNATURE          0000ffde   00000002  00000002  00000000  RWIX  ffff 
  INT00                 0000ffe0   00000002  00000002  00000000  RWIX
  INT01                 0000ffe2   00000002  00000000  00000002  RWIX
  INT02                 0000ffe4   00000002  00000002  00000000  RWIX
  INT03                 0000ffe6   00000002  00000002  00000000  RWIX
  INT04                 0000ffe8   00000002  00000000  00000002  RWIX
  INT05                 0000ffea   00000002  00000002  00000000  RWIX
  INT06                 0000ffec   00000002  00000002  00000000  RWIX
  INT07                 0000ffee   00000002  00000002  00000000  RWIX
  INT08                 0000fff0   00000002  00000002  00000000  RWIX
  INT09                 0000fff2   00000002  00000002  00000000  RWIX
  INT10                 0000fff4   00000002  00000002  00000000  RWIX
  INT11                 0000fff6   00000002  00000002  00000000  RWIX
  INT12                 0000fff8   00000002  00000002  00000000  RWIX
  INT13                 0000fffa   00000002  00000002  00000000  RWIX
  INT14                 0000fffc   00000002  00000002  00000000  RWIX
  RESET                 0000fffe   00000002  00000002  00000000  RWIX


SECTION ALLOCATION MAP

 output                                  attributes/
section   page    origin      length       input sections
--------  ----  ----------  ----------   ----------------
.data      0    00000200    0000000b     UNINITIALIZED
                  00000200    0000000b     main.obj (.data)

.bss       0    0000020c    00000004     UNINITIALIZED
                  0000020c    00000004     (.common:ADCReading)

.stack     0    000003b0    00000050     UNINITIALIZED
                  000003b0    00000002     rts430_eabi.lib : boot.obj (.stack)
                  000003b2    0000004e     --HOLE--

.text      0    0000c000    00000d44     
                  0000c000    00000286     rts430_eabi.lib : frcmpyd.obj (.text:__TI_frcmpyd)
                  0000c286    0000026e                     : mpyd.obj (.text:__mspabi_mpyd)
                  0000c4f4    0000014a     main.obj (.text:main)
                  0000c63e    000000dc     rts430_eabi.lib : cmpd.obj (.text:__mspabi_cmpd)
                  0000c71a    000000d2     main.obj (.text:openDoor)
                  0000c7ec    000000ac     rts430_eabi.lib : fltlid.obj (.text:__mspabi_fltlid)
                  0000c898    0000007c                     : copy_decompress_lzss.obj (.text:decompress:lzss:__TI_decompress_lzss)
                  0000c914    00000072     main.obj (.text:getanalogvalues)
                  0000c986    0000006e     rts430_eabi.lib : autoinit.obj (.text:_auto_init)
                  0000c9f4    0000005c                     : lsr32.obj (.text:l_lsr_const)
                  0000ca50    0000005a                     : cpy_tbl.obj (.text:copy_in)
                  0000caaa    0000004c                     : lsr16.obj (.text)
                  0000caf6    0000003e                     : asr32.obj (.text:l_asr_const)
                  0000cb34    0000003e                     : lsl32.obj (.text:l_lsl_const)
                  0000cb72    0000002c                     : asr16.obj (.text)
                  0000cb9e    0000002c                     : div16s.obj (.text)
                  0000cbca    0000002c                     : lsl16.obj (.text)
                  0000cbf6    0000002a     main.obj (.text:serialInit)
                  0000cc20    00000026     rts430_eabi.lib : mult32.obj (.text)
                  0000cc46    00000020     main.obj (.text:ConfigureAdc)
                  0000cc66    0000001a     rts430_eabi.lib : boot_special.obj (.text:_c_int00_noargs_noexit)
                  0000cc80    00000016                     : div16u.obj (.text)
                  0000cc96    00000014                     : copy_zero_init.obj (.text:decompress:ZI:__TI_zero_init)
                  0000ccaa    00000014                     : mult16.obj (.text)
                  0000ccbe    00000012                     : copy_decompress_none.obj (.text:decompress:none:__TI_decompress_none)
                  0000ccd0    00000012                     : memcpy.obj (.text:memcpy)
                  0000cce2    00000012     main.obj (.text:serialwriteString)
                  0000ccf4    00000010     rts430_eabi.lib : epilog.obj (.text)
                  0000cd04    0000000c                     : fltid.obj (.text:__mspabi_fltid)
                  0000cd10    0000000c     main.obj (.text:serialRead)
                  0000cd1c    0000000c     main.obj (.text:serialWrite)
                  0000cd28    00000008     main.obj (.text:ADC10_ISR)
                  0000cd30    00000008     rts430_eabi.lib : isr_trap.obj (.text:_isr:__TI_ISR_TRAP)
                  0000cd38    00000006                     : exit.obj (.text:abort)
                  0000cd3e    00000004                     : pre_init.obj (.text:_system_pre_init)
                  0000cd42    00000002                     : startup.obj (.text:_system_post_cinit)

.binit     0    0000c000    00000000     

.const     0    0000cd44    0000000c     
                  0000cd44    0000000c     main.obj (.const:.string)

.cinit     0    0000cd50    0000001a     
                  0000cd50    00000007     (.cinit..data.load) [load image, compression = lzss]
                  0000cd57    00000001     --HOLE-- [fill = 0]
                  0000cd58    00000006     (__TI_handler_table)
                  0000cd5e    00000004     (.cinit..bss.load) [load image, compression = zero_init]
                  0000cd62    00000008     (__TI_cinit_table)

.init_array 
*          0    0000c000    00000000     UNINITIALIZED

TRAPINT    0    0000ffe0    00000002     
                  0000ffe0    00000002     rts430_eabi.lib : int00.obj (.int00)

PORT1      0    0000ffe4    00000002     
                  0000ffe4    00000002     rts430_eabi.lib : int02.obj (.int02)

PORT2      0    0000ffe6    00000002     
                  0000ffe6    00000002     rts430_eabi.lib : int03.obj (.int03)

$fill000   0    0000ffde    00000002     
                  0000ffde    00000002     --HOLE-- [fill = ffff]

ADC10      0    0000ffea    00000002     
                  0000ffea    00000002     main.obj (.int05)

USCIAB0TX 
*          0    0000ffec    00000002     
                  0000ffec    00000002     rts430_eabi.lib : int06.obj (.int06)

USCIAB0RX 
*          0    0000ffee    00000002     
                  0000ffee    00000002     rts430_eabi.lib : int07.obj (.int07)

TIMER0_A1 
*          0    0000fff0    00000002     
                  0000fff0    00000002     rts430_eabi.lib : int08.obj (.int08)

TIMER0_A0 
*          0    0000fff2    00000002     
                  0000fff2    00000002     rts430_eabi.lib : int09.obj (.int09)

WDT        0    0000fff4    00000002     
                  0000fff4    00000002     rts430_eabi.lib : int10.obj (.int10)

COMPARATORA 
*          0    0000fff6    00000002     
                  0000fff6    00000002     rts430_eabi.lib : int11.obj (.int11)

TIMER1_A1 
*          0    0000fff8    00000002     
                  0000fff8    00000002     rts430_eabi.lib : int12.obj (.int12)

TIMER1_A0 
*          0    0000fffa    00000002     
                  0000fffa    00000002     rts430_eabi.lib : int13.obj (.int13)

NMI        0    0000fffc    00000002     
                  0000fffc    00000002     rts430_eabi.lib : int14.obj (.int14)

.reset     0    0000fffe    00000002     
                  0000fffe    00000002     rts430_eabi.lib : boot.obj (.reset)

MODULE SUMMARY

       Module                     code   ro data   rw data
       ------                     ----   -------   -------
    .\
       main.obj                   778    14        15     
    +--+--------------------------+------+---------+---------+
       Total:                     778    14        15     
                                                          
    C:\Program Files (x86)\ti\ccsv7\tools\compiler\ti-cgt-msp430_16.9.0.LTS\lib\rts430_eabi.lib
       frcmpyd.obj                646    0         0      
       mpyd.obj                   622    0         0      
       cmpd.obj                   220    0         0      
       fltlid.obj                 172    0         0      
       copy_decompress_lzss.obj   124    0         0      
       autoinit.obj               110    0         0      
       lsr32.obj                  92     0         0      
       cpy_tbl.obj                90     0         0      
       lsr16.obj                  76     0         0      
       asr32.obj                  62     0         0      
       lsl32.obj                  62     0         0      
       asr16.obj                  44     0         0      
       div16s.obj                 44     0         0      
       lsl16.obj                  44     0         0      
       mult32.obj                 38     0         0      
       boot_special.obj           26     0         0      
       div16u.obj                 22     0         0      
       copy_zero_init.obj         20     0         0      
       mult16.obj                 20     0         0      
       copy_decompress_none.obj   18     0         0      
       memcpy.obj                 18     0         0      
       epilog.obj                 16     0         0      
       fltid.obj                  12     0         0      
       isr_trap.obj               8      0         0      
       exit.obj                   6      0         0      
       pre_init.obj               4      0         0      
       boot.obj                   0      2         0      
       int00.obj                  0      2         0      
       int02.obj                  0      2         0      
       int03.obj                  0      2         0      
       int06.obj                  0      2         0      
       int07.obj                  0      2         0      
       int08.obj                  0      2         0      
       int09.obj                  0      2         0      
       int10.obj                  0      2         0      
       int11.obj                  0      2         0      
       int12.obj                  0      2         0      
       int13.obj                  0      2         0      
       int14.obj                  0      2         0      
       startup.obj                2      0         0      
    +--+--------------------------+------+---------+---------+
       Total:                     2618   26        0      
                                                          
       Stack:                     0      0         80     
       Linker Generated:          0      25        0      
    +--+--------------------------+------+---------+---------+
       Grand Total:               3396   65        95     


LINKER GENERATED COPY TABLES

__TI_cinit_table @ 0000cd62 records: 2, size/record: 4, table size: 8
	.data: load addr=0000cd50, load size=00000007 bytes, run addr=00000200, run size=0000000b bytes, compression=lzss
	.bss: load addr=0000cd5e, load size=00000004 bytes, run addr=0000020c, run size=00000004 bytes, compression=zero_init


LINKER GENERATED HANDLER TABLE

__TI_handler_table @ 0000cd58 records: 3, size/record: 2, table size: 6
	index: 0, handler: __TI_zero_init
	index: 1, handler: __TI_decompress_lzss
	index: 2, handler: __TI_decompress_none


GLOBAL SYMBOLS: SORTED ALPHABETICALLY BY Name 

address   name                    
-------   ----                    
0000004a  ADC10AE0                
000001b0  ADC10CTL0               
000001b2  ADC10CTL1               
00000048  ADC10DTC0               
00000049  ADC10DTC1               
000001b4  ADC10MEM                
000001bc  ADC10SA                 
0000cd28  ADC10_ISR               
0000020c  ADCReading              
00000057  BCSCTL1                 
00000058  BCSCTL2                 
00000053  BCSCTL3                 
0000cd38  C$$EXIT                 
00000059  CACTL1                  
0000005a  CACTL2                  
000010fb  CALBC1_12MHZ            
000010f9  CALBC1_16MHZ            
000010ff  CALBC1_1MHZ             
000010fd  CALBC1_8MHZ             
000010fa  CALDCO_12MHZ            
000010f8  CALDCO_16MHZ            
000010fe  CALDCO_1MHZ             
000010fc  CALDCO_8MHZ             
0000005b  CAPD                    
0000cc46  ConfigureAdc            
00000056  DCOCTL                  
00000128  FCTL1                   
0000012a  FCTL2                   
0000012c  FCTL3                   
00000000  IE1                     
00000001  IE2                     
00000002  IFG1                    
00000003  IFG2                    
00000022  P1DIR                   
00000025  P1IE                    
00000024  P1IES                   
00000023  P1IFG                   
00000020  P1IN                    
00000021  P1OUT                   
00000027  P1REN                   
00000026  P1SEL                   
00000041  P1SEL2                  
0000002a  P2DIR                   
0000002d  P2IE                    
0000002c  P2IES                   
0000002b  P2IFG                   
00000028  P2IN                    
00000029  P2OUT                   
0000002f  P2REN                   
0000002e  P2SEL                   
00000042  P2SEL2                  
0000001a  P3DIR                   
00000018  P3IN                    
00000019  P3OUT                   
00000010  P3REN                   
0000001b  P3SEL                   
00000043  P3SEL2                  
00000172  TA0CCR0                 
00000174  TA0CCR1                 
00000176  TA0CCR2                 
00000162  TA0CCTL0                
00000164  TA0CCTL1                
00000166  TA0CCTL2                
00000160  TA0CTL                  
0000012e  TA0IV                   
00000170  TA0R                    
00000192  TA1CCR0                 
00000194  TA1CCR1                 
00000196  TA1CCR2                 
00000182  TA1CCTL0                
00000184  TA1CCTL1                
00000186  TA1CCTL2                
00000180  TA1CTL                  
0000011e  TA1IV                   
00000190  TA1R                    
000010db  TLV_ADC10_1_LEN         
000010da  TLV_ADC10_1_TAG         
000010c0  TLV_CHECKSUM            
000010f7  TLV_DCO_30_LEN          
000010f6  TLV_DCO_30_TAG          
0000005d  UCA0ABCTL               
00000062  UCA0BR0                 
00000063  UCA0BR1                 
00000060  UCA0CTL0                
00000061  UCA0CTL1                
0000005f  UCA0IRRCTL              
0000005e  UCA0IRTCTL              
00000064  UCA0MCTL                
00000066  UCA0RXBUF               
00000065  UCA0STAT                
00000067  UCA0TXBUF               
0000006a  UCB0BR0                 
0000006b  UCB0BR1                 
00000068  UCB0CTL0                
00000069  UCB0CTL1                
0000006c  UCB0I2CIE               
00000118  UCB0I2COA               
0000011a  UCB0I2CSA               
0000006e  UCB0RXBUF               
0000006d  UCB0STAT                
0000006f  UCB0TXBUF               
00000120  WDTCTL                  
00000400  __STACK_END             
00000050  __STACK_SIZE            
UNDEFED   __TI_BINIT_Base         
UNDEFED   __TI_BINIT_Limit        
0000cd62  __TI_CINIT_Base         
0000cd6a  __TI_CINIT_Limit        
0000cd58  __TI_Handler_Table_Base 
0000cd5e  __TI_Handler_Table_Limit
UNDEFED   __TI_INITARRAY_Base     
UNDEFED   __TI_INITARRAY_Limit    
0000cd30  __TI_ISR_TRAP           
0000c898  __TI_decompress_lzss    
0000ccbe  __TI_decompress_none    
0000c000  __TI_frcmpyd            
0000ffe0  __TI_int00              
0000ffe4  __TI_int02              
0000ffe6  __TI_int03              
0000ffea  __TI_int05              
0000ffec  __TI_int06              
0000ffee  __TI_int07              
0000fff0  __TI_int08              
0000fff2  __TI_int09              
0000fff4  __TI_int10              
0000fff6  __TI_int11              
0000fff8  __TI_int12              
0000fffa  __TI_int13              
0000fffc  __TI_int14              
ffffffff  __TI_pprof_out_hndl     
ffffffff  __TI_prof_data_size     
ffffffff  __TI_prof_data_start    
0000cc96  __TI_zero_init          
ffffffff  __c_args__              
0000c63e  __mspabi_cmpd           
0000cb9e  __mspabi_divi           
0000cc80  __mspabi_divu           
0000cd04  __mspabi_fltid          
0000c7ec  __mspabi_fltlid         
0000cd00  __mspabi_func_epilog_1  
0000ccfe  __mspabi_func_epilog_2  
0000ccfc  __mspabi_func_epilog_3  
0000ccfa  __mspabi_func_epilog_4  
0000ccf8  __mspabi_func_epilog_5  
0000ccf6  __mspabi_func_epilog_6  
0000ccf4  __mspabi_func_epilog_7  
0000c286  __mspabi_mpyd           
0000ccaa  __mspabi_mpyi           
0000ccaa  __mspabi_mpyi_sw        
0000cc20  __mspabi_mpyl           
0000cc20  __mspabi_mpyl_sw        
0000cb9e  __mspabi_remi           
0000cc80  __mspabi_remu           
0000cbca  __mspabi_slli           
0000cbf2  __mspabi_slli_1         
0000cbe0  __mspabi_slli_10        
0000cbde  __mspabi_slli_11        
0000cbdc  __mspabi_slli_12        
0000cbda  __mspabi_slli_13        
0000cbd8  __mspabi_slli_14        
0000cbd6  __mspabi_slli_15        
0000cbf0  __mspabi_slli_2         
0000cbee  __mspabi_slli_3         
0000cbec  __mspabi_slli_4         
0000cbea  __mspabi_slli_5         
0000cbe8  __mspabi_slli_6         
0000cbe6  __mspabi_slli_7         
0000cbe4  __mspabi_slli_8         
0000cbe2  __mspabi_slli_9         
0000cb6c  __mspabi_slll_1         
0000cb48  __mspabi_slll_10        
0000cb44  __mspabi_slll_11        
0000cb40  __mspabi_slll_12        
0000cb3c  __mspabi_slll_13        
0000cb38  __mspabi_slll_14        
0000cb34  __mspabi_slll_15        
0000cb68  __mspabi_slll_2         
0000cb64  __mspabi_slll_3         
0000cb60  __mspabi_slll_4         
0000cb5c  __mspabi_slll_5         
0000cb58  __mspabi_slll_6         
0000cb54  __mspabi_slll_7         
0000cb50  __mspabi_slll_8         
0000cb4c  __mspabi_slll_9         
0000cb72  __mspabi_srai           
0000cb9a  __mspabi_srai_1         
0000cb88  __mspabi_srai_10        
0000cb86  __mspabi_srai_11        
0000cb84  __mspabi_srai_12        
0000cb82  __mspabi_srai_13        
0000cb80  __mspabi_srai_14        
0000cb7e  __mspabi_srai_15        
0000cb98  __mspabi_srai_2         
0000cb96  __mspabi_srai_3         
0000cb94  __mspabi_srai_4         
0000cb92  __mspabi_srai_5         
0000cb90  __mspabi_srai_6         
0000cb8e  __mspabi_srai_7         
0000cb8c  __mspabi_srai_8         
0000cb8a  __mspabi_srai_9         
0000cb2e  __mspabi_sral_1         
0000cb0a  __mspabi_sral_10        
0000cb06  __mspabi_sral_11        
0000cb02  __mspabi_sral_12        
0000cafe  __mspabi_sral_13        
0000cafa  __mspabi_sral_14        
0000caf6  __mspabi_sral_15        
0000cb2a  __mspabi_sral_2         
0000cb26  __mspabi_sral_3         
0000cb22  __mspabi_sral_4         
0000cb1e  __mspabi_sral_5         
0000cb1a  __mspabi_sral_6         
0000cb16  __mspabi_sral_7         
0000cb12  __mspabi_sral_8         
0000cb0e  __mspabi_sral_9         
0000caaa  __mspabi_srli           
0000caf0  __mspabi_srli_1         
0000cacc  __mspabi_srli_10        
0000cac8  __mspabi_srli_11        
0000cac4  __mspabi_srli_12        
0000cac0  __mspabi_srli_13        
0000cabc  __mspabi_srli_14        
0000cab8  __mspabi_srli_15        
0000caec  __mspabi_srli_2         
0000cae8  __mspabi_srli_3         
0000cae4  __mspabi_srli_4         
0000cae0  __mspabi_srli_5         
0000cadc  __mspabi_srli_6         
0000cad8  __mspabi_srli_7         
0000cad4  __mspabi_srli_8         
0000cad0  __mspabi_srli_9         
0000ca48  __mspabi_srll_1         
0000ca12  __mspabi_srll_10        
0000ca0c  __mspabi_srll_11        
0000ca06  __mspabi_srll_12        
0000ca00  __mspabi_srll_13        
0000c9fa  __mspabi_srll_14        
0000c9f4  __mspabi_srll_15        
0000ca42  __mspabi_srll_2         
0000ca3c  __mspabi_srll_3         
0000ca36  __mspabi_srll_4         
0000ca30  __mspabi_srll_5         
0000ca2a  __mspabi_srll_6         
0000ca24  __mspabi_srll_7         
0000ca1e  __mspabi_srll_8         
0000ca18  __mspabi_srll_9         
0000c986  _auto_init              
0000cc66  _c_int00_noargs_noexit  
0000fffe  _reset_vector           
000003b0  _stack                  
0000cd42  _system_post_cinit      
0000cd3e  _system_pre_init        
0000020a  a                       
0000cd38  abort                   
0000ca50  copy_in                 
0000c914  getanalogvalues         
00000200  i                       
00000204  initProx                
00000208  initProx2               
0000c4f4  main                    
0000ccd0  memcpy                  
0000c71a  openDoor                
00000202  prox                    
00000206  prox2                   
0000cbf6  serialInit              
0000cd10  serialRead              
0000cd1c  serialWrite             
0000cce2  serialwriteString       


GLOBAL SYMBOLS: SORTED BY Symbol Address 

address   name                    
-------   ----                    
00000000  IE1                     
00000001  IE2                     
00000002  IFG1                    
00000003  IFG2                    
00000010  P3REN                   
00000018  P3IN                    
00000019  P3OUT                   
0000001a  P3DIR                   
0000001b  P3SEL                   
00000020  P1IN                    
00000021  P1OUT                   
00000022  P1DIR                   
00000023  P1IFG                   
00000024  P1IES                   
00000025  P1IE                    
00000026  P1SEL                   
00000027  P1REN                   
00000028  P2IN                    
00000029  P2OUT                   
0000002a  P2DIR                   
0000002b  P2IFG                   
0000002c  P2IES                   
0000002d  P2IE                    
0000002e  P2SEL                   
0000002f  P2REN                   
00000041  P1SEL2                  
00000042  P2SEL2                  
00000043  P3SEL2                  
00000048  ADC10DTC0               
00000049  ADC10DTC1               
0000004a  ADC10AE0                
00000050  __STACK_SIZE            
00000053  BCSCTL3                 
00000056  DCOCTL                  
00000057  BCSCTL1                 
00000058  BCSCTL2                 
00000059  CACTL1                  
0000005a  CACTL2                  
0000005b  CAPD                    
0000005d  UCA0ABCTL               
0000005e  UCA0IRTCTL              
0000005f  UCA0IRRCTL              
00000060  UCA0CTL0                
00000061  UCA0CTL1                
00000062  UCA0BR0                 
00000063  UCA0BR1                 
00000064  UCA0MCTL                
00000065  UCA0STAT                
00000066  UCA0RXBUF               
00000067  UCA0TXBUF               
00000068  UCB0CTL0                
00000069  UCB0CTL1                
0000006a  UCB0BR0                 
0000006b  UCB0BR1                 
0000006c  UCB0I2CIE               
0000006d  UCB0STAT                
0000006e  UCB0RXBUF               
0000006f  UCB0TXBUF               
00000118  UCB0I2COA               
0000011a  UCB0I2CSA               
0000011e  TA1IV                   
00000120  WDTCTL                  
00000128  FCTL1                   
0000012a  FCTL2                   
0000012c  FCTL3                   
0000012e  TA0IV                   
00000160  TA0CTL                  
00000162  TA0CCTL0                
00000164  TA0CCTL1                
00000166  TA0CCTL2                
00000170  TA0R                    
00000172  TA0CCR0                 
00000174  TA0CCR1                 
00000176  TA0CCR2                 
00000180  TA1CTL                  
00000182  TA1CCTL0                
00000184  TA1CCTL1                
00000186  TA1CCTL2                
00000190  TA1R                    
00000192  TA1CCR0                 
00000194  TA1CCR1                 
00000196  TA1CCR2                 
000001b0  ADC10CTL0               
000001b2  ADC10CTL1               
000001b4  ADC10MEM                
000001bc  ADC10SA                 
00000200  i                       
00000202  prox                    
00000204  initProx                
00000206  prox2                   
00000208  initProx2               
0000020a  a                       
0000020c  ADCReading              
000003b0  _stack                  
00000400  __STACK_END             
000010c0  TLV_CHECKSUM            
000010da  TLV_ADC10_1_TAG         
000010db  TLV_ADC10_1_LEN         
000010f6  TLV_DCO_30_TAG          
000010f7  TLV_DCO_30_LEN          
000010f8  CALDCO_16MHZ            
000010f9  CALBC1_16MHZ            
000010fa  CALDCO_12MHZ            
000010fb  CALBC1_12MHZ            
000010fc  CALDCO_8MHZ             
000010fd  CALBC1_8MHZ             
000010fe  CALDCO_1MHZ             
000010ff  CALBC1_1MHZ             
0000c000  __TI_frcmpyd            
0000c286  __mspabi_mpyd           
0000c4f4  main                    
0000c63e  __mspabi_cmpd           
0000c71a  openDoor                
0000c7ec  __mspabi_fltlid         
0000c898  __TI_decompress_lzss    
0000c914  getanalogvalues         
0000c986  _auto_init              
0000c9f4  __mspabi_srll_15        
0000c9fa  __mspabi_srll_14        
0000ca00  __mspabi_srll_13        
0000ca06  __mspabi_srll_12        
0000ca0c  __mspabi_srll_11        
0000ca12  __mspabi_srll_10        
0000ca18  __mspabi_srll_9         
0000ca1e  __mspabi_srll_8         
0000ca24  __mspabi_srll_7         
0000ca2a  __mspabi_srll_6         
0000ca30  __mspabi_srll_5         
0000ca36  __mspabi_srll_4         
0000ca3c  __mspabi_srll_3         
0000ca42  __mspabi_srll_2         
0000ca48  __mspabi_srll_1         
0000ca50  copy_in                 
0000caaa  __mspabi_srli           
0000cab8  __mspabi_srli_15        
0000cabc  __mspabi_srli_14        
0000cac0  __mspabi_srli_13        
0000cac4  __mspabi_srli_12        
0000cac8  __mspabi_srli_11        
0000cacc  __mspabi_srli_10        
0000cad0  __mspabi_srli_9         
0000cad4  __mspabi_srli_8         
0000cad8  __mspabi_srli_7         
0000cadc  __mspabi_srli_6         
0000cae0  __mspabi_srli_5         
0000cae4  __mspabi_srli_4         
0000cae8  __mspabi_srli_3         
0000caec  __mspabi_srli_2         
0000caf0  __mspabi_srli_1         
0000caf6  __mspabi_sral_15        
0000cafa  __mspabi_sral_14        
0000cafe  __mspabi_sral_13        
0000cb02  __mspabi_sral_12        
0000cb06  __mspabi_sral_11        
0000cb0a  __mspabi_sral_10        
0000cb0e  __mspabi_sral_9         
0000cb12  __mspabi_sral_8         
0000cb16  __mspabi_sral_7         
0000cb1a  __mspabi_sral_6         
0000cb1e  __mspabi_sral_5         
0000cb22  __mspabi_sral_4         
0000cb26  __mspabi_sral_3         
0000cb2a  __mspabi_sral_2         
0000cb2e  __mspabi_sral_1         
0000cb34  __mspabi_slll_15        
0000cb38  __mspabi_slll_14        
0000cb3c  __mspabi_slll_13        
0000cb40  __mspabi_slll_12        
0000cb44  __mspabi_slll_11        
0000cb48  __mspabi_slll_10        
0000cb4c  __mspabi_slll_9         
0000cb50  __mspabi_slll_8         
0000cb54  __mspabi_slll_7         
0000cb58  __mspabi_slll_6         
0000cb5c  __mspabi_slll_5         
0000cb60  __mspabi_slll_4         
0000cb64  __mspabi_slll_3         
0000cb68  __mspabi_slll_2         
0000cb6c  __mspabi_slll_1         
0000cb72  __mspabi_srai           
0000cb7e  __mspabi_srai_15        
0000cb80  __mspabi_srai_14        
0000cb82  __mspabi_srai_13        
0000cb84  __mspabi_srai_12        
0000cb86  __mspabi_srai_11        
0000cb88  __mspabi_srai_10        
0000cb8a  __mspabi_srai_9         
0000cb8c  __mspabi_srai_8         
0000cb8e  __mspabi_srai_7         
0000cb90  __mspabi_srai_6         
0000cb92  __mspabi_srai_5         
0000cb94  __mspabi_srai_4         
0000cb96  __mspabi_srai_3         
0000cb98  __mspabi_srai_2         
0000cb9a  __mspabi_srai_1         
0000cb9e  __mspabi_divi           
0000cb9e  __mspabi_remi           
0000cbca  __mspabi_slli           
0000cbd6  __mspabi_slli_15        
0000cbd8  __mspabi_slli_14        
0000cbda  __mspabi_slli_13        
0000cbdc  __mspabi_slli_12        
0000cbde  __mspabi_slli_11        
0000cbe0  __mspabi_slli_10        
0000cbe2  __mspabi_slli_9         
0000cbe4  __mspabi_slli_8         
0000cbe6  __mspabi_slli_7         
0000cbe8  __mspabi_slli_6         
0000cbea  __mspabi_slli_5         
0000cbec  __mspabi_slli_4         
0000cbee  __mspabi_slli_3         
0000cbf0  __mspabi_slli_2         
0000cbf2  __mspabi_slli_1         
0000cbf6  serialInit              
0000cc20  __mspabi_mpyl           
0000cc20  __mspabi_mpyl_sw        
0000cc46  ConfigureAdc            
0000cc66  _c_int00_noargs_noexit  
0000cc80  __mspabi_divu           
0000cc80  __mspabi_remu           
0000cc96  __TI_zero_init          
0000ccaa  __mspabi_mpyi           
0000ccaa  __mspabi_mpyi_sw        
0000ccbe  __TI_decompress_none    
0000ccd0  memcpy                  
0000cce2  serialwriteString       
0000ccf4  __mspabi_func_epilog_7  
0000ccf6  __mspabi_func_epilog_6  
0000ccf8  __mspabi_func_epilog_5  
0000ccfa  __mspabi_func_epilog_4  
0000ccfc  __mspabi_func_epilog_3  
0000ccfe  __mspabi_func_epilog_2  
0000cd00  __mspabi_func_epilog_1  
0000cd04  __mspabi_fltid          
0000cd10  serialRead              
0000cd1c  serialWrite             
0000cd28  ADC10_ISR               
0000cd30  __TI_ISR_TRAP           
0000cd38  C$$EXIT                 
0000cd38  abort                   
0000cd3e  _system_pre_init        
0000cd42  _system_post_cinit      
0000cd58  __TI_Handler_Table_Base 
0000cd5e  __TI_Handler_Table_Limit
0000cd62  __TI_CINIT_Base         
0000cd6a  __TI_CINIT_Limit        
0000ffe0  __TI_int00              
0000ffe4  __TI_int02              
0000ffe6  __TI_int03              
0000ffea  __TI_int05              
0000ffec  __TI_int06              
0000ffee  __TI_int07              
0000fff0  __TI_int08              
0000fff2  __TI_int09              
0000fff4  __TI_int10              
0000fff6  __TI_int11              
0000fff8  __TI_int12              
0000fffa  __TI_int13              
0000fffc  __TI_int14              
0000fffe  _reset_vector           
ffffffff  __TI_pprof_out_hndl     
ffffffff  __TI_prof_data_size     
ffffffff  __TI_prof_data_start    
ffffffff  __c_args__              
UNDEFED   __TI_BINIT_Base         
UNDEFED   __TI_BINIT_Limit        
UNDEFED   __TI_INITARRAY_Base     
UNDEFED   __TI_INITARRAY_Limit    

[268 symbols]
